[debug] [2024-12-31T12:53:47.970Z] ----------------------------------------------------------------------
[debug] [2024-12-31T12:53:47.973Z] Command:       /usr/local/bin/node /usr/local/bin/firebase deploy --only functions --debug
[debug] [2024-12-31T12:53:47.973Z] CLI Version:   13.29.1
[debug] [2024-12-31T12:53:47.974Z] Platform:      darwin
[debug] [2024-12-31T12:53:47.974Z] Node Version:  v20.14.0
[debug] [2024-12-31T12:53:47.974Z] Time:          Tue Dec 31 2024 20:53:47 GMT+0800 (Hong Kong Standard Time)
[debug] [2024-12-31T12:53:47.974Z] ----------------------------------------------------------------------
[debug] 
[debug] [2024-12-31T12:53:48.012Z] > command requires scopes: ["email","openid","https://www.googleapis.com/auth/cloudplatformprojects.readonly","https://www.googleapis.com/auth/firebase","https://www.googleapis.com/auth/cloud-platform"]
[debug] [2024-12-31T12:53:48.012Z] > authorizing via signed-in user (zhang4021@gmail.com)
[debug] [2024-12-31T12:53:48.012Z] [iam] checking project twotwentyfive-3acb1 for permissions ["cloudfunctions.functions.create","cloudfunctions.functions.delete","cloudfunctions.functions.get","cloudfunctions.functions.list","cloudfunctions.functions.update","cloudfunctions.operations.get","firebase.projects.get"]
[debug] [2024-12-31T12:53:48.013Z] Checked if tokens are valid: true, expires at: 1735652572396
[debug] [2024-12-31T12:53:48.013Z] Checked if tokens are valid: true, expires at: 1735652572396
[debug] [2024-12-31T12:53:48.013Z] >>> [apiv2][query] POST https://cloudresourcemanager.googleapis.com/v1/projects/twotwentyfive-3acb1:testIamPermissions [none]
[debug] [2024-12-31T12:53:48.013Z] >>> [apiv2][(partial)header] POST https://cloudresourcemanager.googleapis.com/v1/projects/twotwentyfive-3acb1:testIamPermissions x-goog-quota-user=projects/twotwentyfive-3acb1
[debug] [2024-12-31T12:53:48.014Z] >>> [apiv2][body] POST https://cloudresourcemanager.googleapis.com/v1/projects/twotwentyfive-3acb1:testIamPermissions {"permissions":["cloudfunctions.functions.create","cloudfunctions.functions.delete","cloudfunctions.functions.get","cloudfunctions.functions.list","cloudfunctions.functions.update","cloudfunctions.operations.get","firebase.projects.get"]}
[debug] [2024-12-31T12:53:49.299Z] <<< [apiv2][status] POST https://cloudresourcemanager.googleapis.com/v1/projects/twotwentyfive-3acb1:testIamPermissions 200
[debug] [2024-12-31T12:53:49.299Z] <<< [apiv2][body] POST https://cloudresourcemanager.googleapis.com/v1/projects/twotwentyfive-3acb1:testIamPermissions {"permissions":["cloudfunctions.functions.create","cloudfunctions.functions.delete","cloudfunctions.functions.get","cloudfunctions.functions.list","cloudfunctions.functions.update","cloudfunctions.operations.get","firebase.projects.get"]}
[debug] [2024-12-31T12:53:49.300Z] Checked if tokens are valid: true, expires at: 1735652572396
[debug] [2024-12-31T12:53:49.300Z] Checked if tokens are valid: true, expires at: 1735652572396
[debug] [2024-12-31T12:53:49.300Z] >>> [apiv2][query] POST https://iam.googleapis.com/v1/projects/twotwentyfive-3acb1/serviceAccounts/twotwentyfive-3acb1@appspot.gserviceaccount.com:testIamPermissions [none]
[debug] [2024-12-31T12:53:49.300Z] >>> [apiv2][body] POST https://iam.googleapis.com/v1/projects/twotwentyfive-3acb1/serviceAccounts/twotwentyfive-3acb1@appspot.gserviceaccount.com:testIamPermissions {"permissions":["iam.serviceAccounts.actAs"]}
[debug] [2024-12-31T12:53:50.602Z] <<< [apiv2][status] POST https://iam.googleapis.com/v1/projects/twotwentyfive-3acb1/serviceAccounts/twotwentyfive-3acb1@appspot.gserviceaccount.com:testIamPermissions 200
[debug] [2024-12-31T12:53:50.603Z] <<< [apiv2][body] POST https://iam.googleapis.com/v1/projects/twotwentyfive-3acb1/serviceAccounts/twotwentyfive-3acb1@appspot.gserviceaccount.com:testIamPermissions {"permissions":["iam.serviceAccounts.actAs"]}
[info] 
[info] === Deploying to 'twotwentyfive-3acb1'...
[info] 
[info] i  deploying functions 
[debug] [2024-12-31T12:53:50.606Z] Checked if tokens are valid: true, expires at: 1735652572396
[debug] [2024-12-31T12:53:50.607Z] Checked if tokens are valid: true, expires at: 1735652572396
[debug] [2024-12-31T12:53:50.607Z] >>> [apiv2][query] GET https://cloudresourcemanager.googleapis.com/v1/projects/twotwentyfive-3acb1 [none]
[debug] [2024-12-31T12:53:50.924Z] <<< [apiv2][status] GET https://cloudresourcemanager.googleapis.com/v1/projects/twotwentyfive-3acb1 200
[debug] [2024-12-31T12:53:50.924Z] <<< [apiv2][body] GET https://cloudresourcemanager.googleapis.com/v1/projects/twotwentyfive-3acb1 {"projectNumber":"640231718439","projectId":"twotwentyfive-3acb1","lifecycleState":"ACTIVE","name":"TwoTwentyFive","labels":{"firebase":"enabled","firebase-core":"disabled"},"createTime":"2024-12-10T22:24:30.845386Z"}
[info] i  functions: preparing codebase default for deployment 
[info] i  functions: ensuring required API cloudfunctions.googleapis.com is enabled... 
[debug] [2024-12-31T12:53:50.926Z] Checked if tokens are valid: true, expires at: 1735652572396
[debug] [2024-12-31T12:53:50.926Z] Checked if tokens are valid: true, expires at: 1735652572396
[debug] [2024-12-31T12:53:50.926Z] Checked if tokens are valid: true, expires at: 1735652572396
[debug] [2024-12-31T12:53:50.927Z] Checked if tokens are valid: true, expires at: 1735652572396
[info] i  functions: ensuring required API cloudbuild.googleapis.com is enabled... 
[debug] [2024-12-31T12:53:50.928Z] Checked if tokens are valid: true, expires at: 1735652572396
[debug] [2024-12-31T12:53:50.928Z] Checked if tokens are valid: true, expires at: 1735652572396
[info] i  artifactregistry: ensuring required API artifactregistry.googleapis.com is enabled... 
[debug] [2024-12-31T12:53:50.928Z] Checked if tokens are valid: true, expires at: 1735652572396
[debug] [2024-12-31T12:53:50.928Z] Checked if tokens are valid: true, expires at: 1735652572396
[debug] [2024-12-31T12:53:50.929Z] >>> [apiv2][query] GET https://serviceusage.googleapis.com/v1/projects/twotwentyfive-3acb1/services/cloudfunctions.googleapis.com [none]
[debug] [2024-12-31T12:53:50.929Z] >>> [apiv2][(partial)header] GET https://serviceusage.googleapis.com/v1/projects/twotwentyfive-3acb1/services/cloudfunctions.googleapis.com x-goog-quota-user=projects/twotwentyfive-3acb1
[debug] [2024-12-31T12:53:50.931Z] >>> [apiv2][query] GET https://serviceusage.googleapis.com/v1/projects/twotwentyfive-3acb1/services/runtimeconfig.googleapis.com [none]
[debug] [2024-12-31T12:53:50.931Z] >>> [apiv2][(partial)header] GET https://serviceusage.googleapis.com/v1/projects/twotwentyfive-3acb1/services/runtimeconfig.googleapis.com x-goog-quota-user=projects/twotwentyfive-3acb1
[debug] [2024-12-31T12:53:50.932Z] >>> [apiv2][query] GET https://serviceusage.googleapis.com/v1/projects/twotwentyfive-3acb1/services/cloudbuild.googleapis.com [none]
[debug] [2024-12-31T12:53:50.932Z] >>> [apiv2][(partial)header] GET https://serviceusage.googleapis.com/v1/projects/twotwentyfive-3acb1/services/cloudbuild.googleapis.com x-goog-quota-user=projects/twotwentyfive-3acb1
[debug] [2024-12-31T12:53:50.934Z] >>> [apiv2][query] GET https://serviceusage.googleapis.com/v1/projects/twotwentyfive-3acb1/services/artifactregistry.googleapis.com [none]
[debug] [2024-12-31T12:53:50.934Z] >>> [apiv2][(partial)header] GET https://serviceusage.googleapis.com/v1/projects/twotwentyfive-3acb1/services/artifactregistry.googleapis.com x-goog-quota-user=projects/twotwentyfive-3acb1
[debug] [2024-12-31T12:53:51.554Z] <<< [apiv2][status] GET https://serviceusage.googleapis.com/v1/projects/twotwentyfive-3acb1/services/artifactregistry.googleapis.com 200
[debug] [2024-12-31T12:53:51.554Z] <<< [apiv2][body] GET https://serviceusage.googleapis.com/v1/projects/twotwentyfive-3acb1/services/artifactregistry.googleapis.com [omitted]
[info] ✔  artifactregistry: required API artifactregistry.googleapis.com is enabled 
[debug] [2024-12-31T12:53:52.296Z] <<< [apiv2][status] GET https://serviceusage.googleapis.com/v1/projects/twotwentyfive-3acb1/services/cloudbuild.googleapis.com 200
[debug] [2024-12-31T12:53:52.296Z] <<< [apiv2][body] GET https://serviceusage.googleapis.com/v1/projects/twotwentyfive-3acb1/services/cloudbuild.googleapis.com [omitted]
[info] ✔  functions: required API cloudbuild.googleapis.com is enabled 
[debug] [2024-12-31T12:53:52.297Z] <<< [apiv2][status] GET https://serviceusage.googleapis.com/v1/projects/twotwentyfive-3acb1/services/runtimeconfig.googleapis.com 200
[debug] [2024-12-31T12:53:52.298Z] <<< [apiv2][body] GET https://serviceusage.googleapis.com/v1/projects/twotwentyfive-3acb1/services/runtimeconfig.googleapis.com [omitted]
[debug] [2024-12-31T12:53:52.299Z] <<< [apiv2][status] GET https://serviceusage.googleapis.com/v1/projects/twotwentyfive-3acb1/services/cloudfunctions.googleapis.com 200
[debug] [2024-12-31T12:53:52.299Z] <<< [apiv2][body] GET https://serviceusage.googleapis.com/v1/projects/twotwentyfive-3acb1/services/cloudfunctions.googleapis.com [omitted]
[info] ✔  functions: required API cloudfunctions.googleapis.com is enabled 
[debug] [2024-12-31T12:53:52.300Z] Checked if tokens are valid: true, expires at: 1735652572396
[debug] [2024-12-31T12:53:52.300Z] Checked if tokens are valid: true, expires at: 1735652572396
[debug] [2024-12-31T12:53:52.300Z] >>> [apiv2][query] GET https://firebase.googleapis.com/v1beta1/projects/twotwentyfive-3acb1/adminSdkConfig [none]
[debug] [2024-12-31T12:53:53.349Z] <<< [apiv2][status] GET https://firebase.googleapis.com/v1beta1/projects/twotwentyfive-3acb1/adminSdkConfig 200
[debug] [2024-12-31T12:53:53.350Z] <<< [apiv2][body] GET https://firebase.googleapis.com/v1beta1/projects/twotwentyfive-3acb1/adminSdkConfig {"projectId":"twotwentyfive-3acb1","storageBucket":"twotwentyfive-3acb1.firebasestorage.app"}
[debug] [2024-12-31T12:53:53.350Z] Checked if tokens are valid: true, expires at: 1735652572396
[debug] [2024-12-31T12:53:53.350Z] Checked if tokens are valid: true, expires at: 1735652572396
[debug] [2024-12-31T12:53:53.351Z] >>> [apiv2][query] GET https://runtimeconfig.googleapis.com/v1beta1/projects/twotwentyfive-3acb1/configs [none]
[debug] [2024-12-31T12:53:54.415Z] <<< [apiv2][status] GET https://runtimeconfig.googleapis.com/v1beta1/projects/twotwentyfive-3acb1/configs 200
[debug] [2024-12-31T12:53:54.416Z] <<< [apiv2][body] GET https://runtimeconfig.googleapis.com/v1beta1/projects/twotwentyfive-3acb1/configs {}
[debug] [2024-12-31T12:53:54.419Z] Validating nodejs source
[debug] [2024-12-31T12:53:55.146Z] > [functions] package.json contents: {
  "name": "functions",
  "description": "Cloud Functions for Firebase",
  "scripts": {
    "serve": "firebase emulators:start --only functions",
    "shell": "firebase functions:shell",
    "start": "npm run shell",
    "deploy": "firebase deploy --only functions",
    "logs": "firebase functions:log",
    "android": "expo run:android",
    "ios": "expo run:ios"
  },
  "engines": {
    "node": "22"
  },
  "main": "index.js",
  "dependencies": {
    "firebase-admin": "^12.7.0",
    "firebase-functions": "^6.2.0",
    "moment-timezone": "^0.5.46",
    "expo": "~51.0.28",
    "react": "18.2.0",
    "react-native": "0.74.5"
  },
  "devDependencies": {
    "firebase-functions-test": "^3.1.0"
  },
  "private": true,
  "version": "1.0.0"
}
[debug] [2024-12-31T12:53:55.146Z] Building nodejs source
[info] i  functions: Loading and analyzing source code for codebase default to determine what to deploy 
[debug] [2024-12-31T12:53:55.147Z] Could not find functions.yaml. Must use http discovery
[debug] [2024-12-31T12:53:55.152Z] Found firebase-functions binary at '/Users/johnzhang/Documents/GitHub/gymapp/functions/node_modules/.bin/firebase-functions'
[info] Serving at port 8820

[debug] [2024-12-31T12:53:55.503Z] Got response from /__/functions.yaml {"endpoints":{"sendWorkoutReminders":{"platform":"gcfv1","availableMemoryMb":null,"timeoutSeconds":null,"minInstances":null,"maxInstances":null,"ingressSettings":null,"serviceAccountEmail":null,"vpc":null,"scheduleTrigger":{"schedule":"every 1 hours","retryConfig":{"retryCount":null,"maxDoublings":null,"maxRetryDuration":null,"maxBackoffDuration":null,"minBackoffDuration":null},"timeZone":null},"labels":{},"entryPoint":"sendWorkoutReminders"}},"specVersion":"v1alpha1","requiredAPIs":[{"api":"cloudscheduler.googleapis.com","reason":"Needed for scheduled functions."}],"extensions":{}}
[info] i  extensions: ensuring required API firebaseextensions.googleapis.com is enabled... 
[debug] [2024-12-31T12:54:00.518Z] Checked if tokens are valid: true, expires at: 1735652572396
[debug] [2024-12-31T12:54:00.518Z] Checked if tokens are valid: true, expires at: 1735652572396
[debug] [2024-12-31T12:54:00.519Z] >>> [apiv2][query] GET https://serviceusage.googleapis.com/v1/projects/twotwentyfive-3acb1/services/firebaseextensions.googleapis.com [none]
[debug] [2024-12-31T12:54:00.519Z] >>> [apiv2][(partial)header] GET https://serviceusage.googleapis.com/v1/projects/twotwentyfive-3acb1/services/firebaseextensions.googleapis.com x-goog-quota-user=projects/twotwentyfive-3acb1
[debug] [2024-12-31T12:54:01.931Z] <<< [apiv2][status] GET https://serviceusage.googleapis.com/v1/projects/twotwentyfive-3acb1/services/firebaseextensions.googleapis.com 200
[debug] [2024-12-31T12:54:01.932Z] <<< [apiv2][body] GET https://serviceusage.googleapis.com/v1/projects/twotwentyfive-3acb1/services/firebaseextensions.googleapis.com [omitted]
[info] ✔  extensions: required API firebaseextensions.googleapis.com is enabled 
[debug] [2024-12-31T12:54:01.933Z] > command requires scopes: ["email","openid","https://www.googleapis.com/auth/cloudplatformprojects.readonly","https://www.googleapis.com/auth/firebase","https://www.googleapis.com/auth/cloud-platform"]
[debug] [2024-12-31T12:54:01.933Z] > authorizing via signed-in user (zhang4021@gmail.com)
[debug] [2024-12-31T12:54:01.933Z] [iam] checking project twotwentyfive-3acb1 for permissions ["firebase.projects.get","firebaseextensions.instances.list"]
[debug] [2024-12-31T12:54:01.934Z] Checked if tokens are valid: true, expires at: 1735652572396
[debug] [2024-12-31T12:54:01.934Z] Checked if tokens are valid: true, expires at: 1735652572396
[debug] [2024-12-31T12:54:01.935Z] >>> [apiv2][query] POST https://cloudresourcemanager.googleapis.com/v1/projects/twotwentyfive-3acb1:testIamPermissions [none]
[debug] [2024-12-31T12:54:01.935Z] >>> [apiv2][(partial)header] POST https://cloudresourcemanager.googleapis.com/v1/projects/twotwentyfive-3acb1:testIamPermissions x-goog-quota-user=projects/twotwentyfive-3acb1
[debug] [2024-12-31T12:54:01.935Z] >>> [apiv2][body] POST https://cloudresourcemanager.googleapis.com/v1/projects/twotwentyfive-3acb1:testIamPermissions {"permissions":["firebase.projects.get","firebaseextensions.instances.list"]}
[debug] [2024-12-31T12:54:03.038Z] <<< [apiv2][status] POST https://cloudresourcemanager.googleapis.com/v1/projects/twotwentyfive-3acb1:testIamPermissions 200
[debug] [2024-12-31T12:54:03.038Z] <<< [apiv2][body] POST https://cloudresourcemanager.googleapis.com/v1/projects/twotwentyfive-3acb1:testIamPermissions {"permissions":["firebase.projects.get","firebaseextensions.instances.list"]}
[debug] [2024-12-31T12:54:03.040Z] Checked if tokens are valid: true, expires at: 1735652572396
[debug] [2024-12-31T12:54:03.040Z] Checked if tokens are valid: true, expires at: 1735652572396
[debug] [2024-12-31T12:54:03.041Z] >>> [apiv2][query] GET https://firebaseextensions.googleapis.com/v1beta/projects/twotwentyfive-3acb1/instances pageSize=100&pageToken=
[debug] [2024-12-31T12:54:04.347Z] <<< [apiv2][status] GET https://firebaseextensions.googleapis.com/v1beta/projects/twotwentyfive-3acb1/instances 200
[debug] [2024-12-31T12:54:04.348Z] <<< [apiv2][body] GET https://firebaseextensions.googleapis.com/v1beta/projects/twotwentyfive-3acb1/instances {}
[info] i  functions: preparing functions directory for uploading... 
[debug] [2024-12-31T12:54:05.218Z] Error: ENOENT: no such file or directory, stat '/Users/johnzhang/Documents/GitHub/gymapp/functions/ios/Pods/Headers/Private/React-RCTFabric/React/RCTThirdPartyFabricComponentsProvider.h'
    at Object.statSync (node:fs:1658:25)
    at /usr/local/lib/node_modules/firebase-tools/node_modules/graceful-fs/polyfills.js:319:16
    at readdirRecursiveHelper (/usr/local/lib/node_modules/firebase-tools/lib/fsAsync.js:14:47)
    at readdirRecursiveHelper (/usr/local/lib/node_modules/firebase-tools/lib/fsAsync.js:21:27)
    at readdirRecursiveHelper (/usr/local/lib/node_modules/firebase-tools/lib/fsAsync.js:21:27)
    at readdirRecursiveHelper (/usr/local/lib/node_modules/firebase-tools/lib/fsAsync.js:21:27)
    at readdirRecursiveHelper (/usr/local/lib/node_modules/firebase-tools/lib/fsAsync.js:21:27)
    at readdirRecursiveHelper (/usr/local/lib/node_modules/firebase-tools/lib/fsAsync.js:21:27)
    at readdirRecursiveHelper (/usr/local/lib/node_modules/firebase-tools/lib/fsAsync.js:21:27)
    at Object.readdirRecursive (/usr/local/lib/node_modules/firebase-tools/lib/fsAsync.js:38:12)
[error] 
[error] Error: Could not read source directory. Remove links and shortcuts and try again.
